// Jest Snapshot v1, https://goo.gl/fbAQLP

exports[`renders without crashing 1`] = `
<View
  style={
    Object {
      "alignItems": "stretch",
      "flex": 1,
    }
  }
>
  <View
    style={
      Array [
        Object {
          "flex": 1,
        },
        Object {
          "borderColor": "white",
          "borderWidth": 4,
        },
      ]
    }
  >
    <View
      style={
        Array [
          Object {
            "alignItems": "center",
            "flex": 5,
            "justifyContent": "center",
          },
          Object {
            "borderColor": "white",
            "borderWidth": 4,
          },
        ]
      }
    >
      <Text
        accessible={true}
        allowFontScaling={true}
        ellipsizeMode="tail"
        style={
          Object {
            "fontSize": 50,
          }
        }
      >
        00:00.00
      </Text>
    </View>
    <View
      style={
        Array [
          Object {
            "alignItems": "center",
            "flex": 3,
            "flexDirection": "row",
            "justifyContent": "space-around",
          },
          Object {
            "borderColor": "white",
            "borderWidth": 4,
          },
        ]
      }
    >
      <View
        accessibilityComponentType={undefined}
        accessibilityLabel={undefined}
        accessibilityTraits={undefined}
        accessible={true}
        hasTVPreferredFocus={undefined}
        hitSlop={undefined}
        isTVSelectable={true}
        onLayout={undefined}
        onResponderGrant={[Function]}
        onResponderMove={[Function]}
        onResponderRelease={[Function]}
        onResponderTerminate={[Function]}
        onResponderTerminationRequest={[Function]}
        onStartShouldSetResponder={[Function]}
        style={
          Array [
            Object {
              "backgroundColor": "transparent",
            },
            Array [
              Object {
                "alignItems": "center",
                "borderRadius": 50,
                "borderWidth": 2,
                "height": 100,
                "justifyContent": "center",
                "width": 100,
              },
              Object {
                "borderColor": "green",
              },
            ],
          ]
        }
        testID={undefined}
        tvParallaxProperties={undefined}
      >
        <Text
          accessible={true}
          allowFontScaling={true}
          ellipsizeMode="tail"
        >
          Start
        </Text>
      </View>
      <View
        accessibilityComponentType={undefined}
        accessibilityLabel={undefined}
        accessibilityTraits={undefined}
        accessible={true}
        hasTVPreferredFocus={undefined}
        hitSlop={undefined}
        isTVSelectable={true}
        onLayout={undefined}
        onResponderGrant={[Function]}
        onResponderMove={[Function]}
        onResponderRelease={[Function]}
        onResponderTerminate={[Function]}
        onResponderTerminationRequest={[Function]}
        onStartShouldSetResponder={[Function]}
        style={
          Array [
            Object {
              "backgroundColor": "transparent",
            },
            Object {
              "alignItems": "center",
              "borderRadius": 50,
              "borderWidth": 2,
              "height": 100,
              "justifyContent": "center",
              "width": 100,
            },
          ]
        }
        testID={undefined}
        tvParallaxProperties={undefined}
      >
        <Text
          accessible={true}
          allowFontScaling={true}
          ellipsizeMode="tail"
        >
          Lap button
        </Text>
      </View>
    </View>
  </View>
  <View
    style={
      Array [
        Object {
          "alignItems": "center",
          "flex": 1,
          "justifyContent": "flex-start",
        },
        Object {
          "borderColor": "white",
          "borderWidth": 4,
        },
      ]
    }
  />
</View>
`;
